
===== FATAL ERROR =====
Traceback (most recent call last):
  File "C:\Users\user\Desktop\vr_test_5090_20260819_224201\next_stage\voice_sleep_v5_5090\voice_daemon.py", line 480, in <module>
    main()
  File "C:\Users\user\Desktop\vr_test_5090_20260819_224201\next_stage\voice_sleep_v5_5090\voice_daemon.py", line 152, in main
    ser = open_serial(port, config["serial"]["baud"])
          ^^^^^^^^^^^^^^^^^^^^^^^^^^^^^^^^^^^^^^^^^^^
  File "C:\Users\user\Desktop\vr_test_5090_20260819_224201\board_serial_asr_test.py", line 68, in open_serial
    return serial.Serial(port=port, baudrate=baud, timeout=2)
           ^^^^^^^^^^^^^^^^^^^^^^^^^^^^^^^^^^^^^^^^^^^^^^^^^^
  File "C:\Users\user\Desktop\vr_test_5090_20260819_224201\.venv_5090_llm\Lib\site-packages\serial\serialwin32.py", line 33, in __init__
    super(Serial, self).__init__(*args, **kwargs)
  File "C:\Users\user\Desktop\vr_test_5090_20260819_224201\.venv_5090_llm\Lib\site-packages\serial\serialutil.py", line 244, in __init__
    self.open()
  File "C:\Users\user\Desktop\vr_test_5090_20260819_224201\.venv_5090_llm\Lib\site-packages\serial\serialwin32.py", line 64, in open
    raise SerialException("could not open port {!r}: {!r}".format(self.portstr, ctypes.WinError()))
serial.serialutil.SerialException: could not open port 'COM3': PermissionError(13, '拒绝访问。', None, 5)


===== FATAL ERROR =====
Traceback (most recent call last):
  File "C:\Users\user\Desktop\vr_test_5090_20260819_224201\next_stage\voice_sleep_v5_5090\voice_daemon.py", line 480, in <module>
    main()
  File "C:\Users\user\Desktop\vr_test_5090_20260819_224201\next_stage\voice_sleep_v5_5090\voice_daemon.py", line 152, in main
    ser = open_serial(port, config["serial"]["baud"])
          ^^^^^^^^^^^^^^^^^^^^^^^^^^^^^^^^^^^^^^^^^^^
  File "C:\Users\user\Desktop\vr_test_5090_20260819_224201\board_serial_asr_test.py", line 68, in open_serial
    return serial.Serial(port=port, baudrate=baud, timeout=2)
           ^^^^^^^^^^^^^^^^^^^^^^^^^^^^^^^^^^^^^^^^^^^^^^^^^^
  File "C:\Users\user\Desktop\vr_test_5090_20260819_224201\.venv_5090_llm\Lib\site-packages\serial\serialwin32.py", line 33, in __init__
    super(Serial, self).__init__(*args, **kwargs)
  File "C:\Users\user\Desktop\vr_test_5090_20260819_224201\.venv_5090_llm\Lib\site-packages\serial\serialutil.py", line 244, in __init__
    self.open()
  File "C:\Users\user\Desktop\vr_test_5090_20260819_224201\.venv_5090_llm\Lib\site-packages\serial\serialwin32.py", line 64, in open
    raise SerialException("could not open port {!r}: {!r}".format(self.portstr, ctypes.WinError()))
serial.serialutil.SerialException: could not open port 'COM3': PermissionError(13, '拒绝访问。', None, 5)

